// Jest Snapshot v1, https://goo.gl/fbAQLP

exports[`Board newBoard() matches snapshot 1`] = `
Object {
  "tiles": Array [
    Array [
      Object {
        "letter": " ",
        "letterPoints": 1,
        "startTile": false,
        "wordPoints": 3,
      },
      Object {
        "letter": " ",
        "letterPoints": 1,
        "startTile": false,
        "wordPoints": 1,
      },
      Object {
        "letter": " ",
        "letterPoints": 1,
        "startTile": false,
        "wordPoints": 1,
      },
      Object {
        "letter": " ",
        "letterPoints": 2,
        "startTile": false,
        "wordPoints": 1,
      },
      Object {
        "letter": " ",
        "letterPoints": 1,
        "startTile": false,
        "wordPoints": 1,
      },
      Object {
        "letter": " ",
        "letterPoints": 1,
        "startTile": false,
        "wordPoints": 1,
      },
      Object {
        "letter": " ",
        "letterPoints": 1,
        "startTile": false,
        "wordPoints": 1,
      },
      Object {
        "letter": " ",
        "letterPoints": 1,
        "startTile": false,
        "wordPoints": 3,
      },
      Object {
        "letter": " ",
        "letterPoints": 1,
        "startTile": false,
        "wordPoints": 1,
      },
      Object {
        "letter": " ",
        "letterPoints": 1,
        "startTile": false,
        "wordPoints": 1,
      },
      Object {
        "letter": " ",
        "letterPoints": 1,
        "startTile": false,
        "wordPoints": 1,
      },
      Object {
        "letter": " ",
        "letterPoints": 2,
        "startTile": false,
        "wordPoints": 1,
      },
      Object {
        "letter": " ",
        "letterPoints": 1,
        "startTile": false,
        "wordPoints": 1,
      },
      Object {
        "letter": " ",
        "letterPoints": 1,
        "startTile": false,
        "wordPoints": 1,
      },
      Object {
        "letter": " ",
        "letterPoints": 1,
        "startTile": false,
        "wordPoints": 3,
      },
    ],
    Array [
      Object {
        "letter": " ",
        "letterPoints": 1,
        "startTile": false,
        "wordPoints": 1,
      },
      Object {
        "letter": " ",
        "letterPoints": 1,
        "startTile": false,
        "wordPoints": 2,
      },
      Object {
        "letter": " ",
        "letterPoints": 1,
        "startTile": false,
        "wordPoints": 1,
      },
      Object {
        "letter": " ",
        "letterPoints": 1,
        "startTile": false,
        "wordPoints": 1,
      },
      Object {
        "letter": " ",
        "letterPoints": 1,
        "startTile": false,
        "wordPoints": 1,
      },
      Object {
        "letter": " ",
        "letterPoints": 3,
        "startTile": false,
        "wordPoints": 1,
      },
      Object {
        "letter": " ",
        "letterPoints": 1,
        "startTile": false,
        "wordPoints": 1,
      },
      Object {
        "letter": " ",
        "letterPoints": 1,
        "startTile": false,
        "wordPoints": 1,
      },
      Object {
        "letter": " ",
        "letterPoints": 1,
        "startTile": false,
        "wordPoints": 1,
      },
      Object {
        "letter": " ",
        "letterPoints": 3,
        "startTile": false,
        "wordPoints": 1,
      },
      Object {
        "letter": " ",
        "letterPoints": 1,
        "startTile": false,
        "wordPoints": 1,
      },
      Object {
        "letter": " ",
        "letterPoints": 1,
        "startTile": false,
        "wordPoints": 1,
      },
      Object {
        "letter": " ",
        "letterPoints": 1,
        "startTile": false,
        "wordPoints": 1,
      },
      Object {
        "letter": " ",
        "letterPoints": 1,
        "startTile": false,
        "wordPoints": 2,
      },
      Object {
        "letter": " ",
        "letterPoints": 1,
        "startTile": false,
        "wordPoints": 1,
      },
    ],
    Array [
      Object {
        "letter": " ",
        "letterPoints": 1,
        "startTile": false,
        "wordPoints": 1,
      },
      Object {
        "letter": " ",
        "letterPoints": 1,
        "startTile": false,
        "wordPoints": 1,
      },
      Object {
        "letter": " ",
        "letterPoints": 1,
        "startTile": false,
        "wordPoints": 2,
      },
      Object {
        "letter": " ",
        "letterPoints": 1,
        "startTile": false,
        "wordPoints": 1,
      },
      Object {
        "letter": " ",
        "letterPoints": 1,
        "startTile": false,
        "wordPoints": 1,
      },
      Object {
        "letter": " ",
        "letterPoints": 1,
        "startTile": false,
        "wordPoints": 1,
      },
      Object {
        "letter": " ",
        "letterPoints": 2,
        "startTile": false,
        "wordPoints": 1,
      },
      Object {
        "letter": " ",
        "letterPoints": 1,
        "startTile": false,
        "wordPoints": 1,
      },
      Object {
        "letter": " ",
        "letterPoints": 2,
        "startTile": false,
        "wordPoints": 1,
      },
      Object {
        "letter": " ",
        "letterPoints": 1,
        "startTile": false,
        "wordPoints": 1,
      },
      Object {
        "letter": " ",
        "letterPoints": 1,
        "startTile": false,
        "wordPoints": 1,
      },
      Object {
        "letter": " ",
        "letterPoints": 1,
        "startTile": false,
        "wordPoints": 1,
      },
      Object {
        "letter": " ",
        "letterPoints": 1,
        "startTile": false,
        "wordPoints": 2,
      },
      Object {
        "letter": " ",
        "letterPoints": 1,
        "startTile": false,
        "wordPoints": 1,
      },
      Object {
        "letter": " ",
        "letterPoints": 1,
        "startTile": false,
        "wordPoints": 1,
      },
    ],
    Array [
      Object {
        "letter": " ",
        "letterPoints": 2,
        "startTile": false,
        "wordPoints": 1,
      },
      Object {
        "letter": " ",
        "letterPoints": 1,
        "startTile": false,
        "wordPoints": 1,
      },
      Object {
        "letter": " ",
        "letterPoints": 1,
        "startTile": false,
        "wordPoints": 1,
      },
      Object {
        "letter": " ",
        "letterPoints": 1,
        "startTile": false,
        "wordPoints": 2,
      },
      Object {
        "letter": " ",
        "letterPoints": 1,
        "startTile": false,
        "wordPoints": 1,
      },
      Object {
        "letter": " ",
        "letterPoints": 1,
        "startTile": false,
        "wordPoints": 1,
      },
      Object {
        "letter": " ",
        "letterPoints": 1,
        "startTile": false,
        "wordPoints": 1,
      },
      Object {
        "letter": " ",
        "letterPoints": 2,
        "startTile": false,
        "wordPoints": 1,
      },
      Object {
        "letter": " ",
        "letterPoints": 1,
        "startTile": false,
        "wordPoints": 1,
      },
      Object {
        "letter": " ",
        "letterPoints": 1,
        "startTile": false,
        "wordPoints": 1,
      },
      Object {
        "letter": " ",
        "letterPoints": 1,
        "startTile": false,
        "wordPoints": 1,
      },
      Object {
        "letter": " ",
        "letterPoints": 1,
        "startTile": false,
        "wordPoints": 2,
      },
      Object {
        "letter": " ",
        "letterPoints": 1,
        "startTile": false,
        "wordPoints": 1,
      },
      Object {
        "letter": " ",
        "letterPoints": 1,
        "startTile": false,
        "wordPoints": 1,
      },
      Object {
        "letter": " ",
        "letterPoints": 2,
        "startTile": false,
        "wordPoints": 1,
      },
    ],
    Array [
      Object {
        "letter": " ",
        "letterPoints": 1,
        "startTile": false,
        "wordPoints": 1,
      },
      Object {
        "letter": " ",
        "letterPoints": 1,
        "startTile": false,
        "wordPoints": 1,
      },
      Object {
        "letter": " ",
        "letterPoints": 1,
        "startTile": false,
        "wordPoints": 1,
      },
      Object {
        "letter": " ",
        "letterPoints": 1,
        "startTile": false,
        "wordPoints": 1,
      },
      Object {
        "letter": " ",
        "letterPoints": 1,
        "startTile": false,
        "wordPoints": 2,
      },
      Object {
        "letter": " ",
        "letterPoints": 1,
        "startTile": false,
        "wordPoints": 1,
      },
      Object {
        "letter": " ",
        "letterPoints": 1,
        "startTile": false,
        "wordPoints": 1,
      },
      Object {
        "letter": " ",
        "letterPoints": 1,
        "startTile": false,
        "wordPoints": 1,
      },
      Object {
        "letter": " ",
        "letterPoints": 1,
        "startTile": false,
        "wordPoints": 1,
      },
      Object {
        "letter": " ",
        "letterPoints": 1,
        "startTile": false,
        "wordPoints": 1,
      },
      Object {
        "letter": " ",
        "letterPoints": 1,
        "startTile": false,
        "wordPoints": 2,
      },
      Object {
        "letter": " ",
        "letterPoints": 1,
        "startTile": false,
        "wordPoints": 1,
      },
      Object {
        "letter": " ",
        "letterPoints": 1,
        "startTile": false,
        "wordPoints": 1,
      },
      Object {
        "letter": " ",
        "letterPoints": 1,
        "startTile": false,
        "wordPoints": 1,
      },
      Object {
        "letter": " ",
        "letterPoints": 1,
        "startTile": false,
        "wordPoints": 1,
      },
    ],
    Array [
      Object {
        "letter": " ",
        "letterPoints": 1,
        "startTile": false,
        "wordPoints": 1,
      },
      Object {
        "letter": " ",
        "letterPoints": 3,
        "startTile": false,
        "wordPoints": 1,
      },
      Object {
        "letter": " ",
        "letterPoints": 1,
        "startTile": false,
        "wordPoints": 1,
      },
      Object {
        "letter": " ",
        "letterPoints": 1,
        "startTile": false,
        "wordPoints": 1,
      },
      Object {
        "letter": " ",
        "letterPoints": 1,
        "startTile": false,
        "wordPoints": 1,
      },
      Object {
        "letter": " ",
        "letterPoints": 3,
        "startTile": false,
        "wordPoints": 1,
      },
      Object {
        "letter": " ",
        "letterPoints": 1,
        "startTile": false,
        "wordPoints": 1,
      },
      Object {
        "letter": " ",
        "letterPoints": 1,
        "startTile": false,
        "wordPoints": 1,
      },
      Object {
        "letter": " ",
        "letterPoints": 1,
        "startTile": false,
        "wordPoints": 1,
      },
      Object {
        "letter": " ",
        "letterPoints": 3,
        "startTile": false,
        "wordPoints": 1,
      },
      Object {
        "letter": " ",
        "letterPoints": 1,
        "startTile": false,
        "wordPoints": 1,
      },
      Object {
        "letter": " ",
        "letterPoints": 1,
        "startTile": false,
        "wordPoints": 1,
      },
      Object {
        "letter": " ",
        "letterPoints": 1,
        "startTile": false,
        "wordPoints": 1,
      },
      Object {
        "letter": " ",
        "letterPoints": 3,
        "startTile": false,
        "wordPoints": 1,
      },
      Object {
        "letter": " ",
        "letterPoints": 1,
        "startTile": false,
        "wordPoints": 1,
      },
    ],
    Array [
      Object {
        "letter": " ",
        "letterPoints": 1,
        "startTile": false,
        "wordPoints": 1,
      },
      Object {
        "letter": " ",
        "letterPoints": 1,
        "startTile": false,
        "wordPoints": 1,
      },
      Object {
        "letter": " ",
        "letterPoints": 2,
        "startTile": false,
        "wordPoints": 1,
      },
      Object {
        "letter": " ",
        "letterPoints": 1,
        "startTile": false,
        "wordPoints": 1,
      },
      Object {
        "letter": " ",
        "letterPoints": 1,
        "startTile": false,
        "wordPoints": 1,
      },
      Object {
        "letter": " ",
        "letterPoints": 1,
        "startTile": false,
        "wordPoints": 1,
      },
      Object {
        "letter": " ",
        "letterPoints": 2,
        "startTile": false,
        "wordPoints": 1,
      },
      Object {
        "letter": " ",
        "letterPoints": 1,
        "startTile": false,
        "wordPoints": 1,
      },
      Object {
        "letter": " ",
        "letterPoints": 2,
        "startTile": false,
        "wordPoints": 1,
      },
      Object {
        "letter": " ",
        "letterPoints": 1,
        "startTile": false,
        "wordPoints": 1,
      },
      Object {
        "letter": " ",
        "letterPoints": 1,
        "startTile": false,
        "wordPoints": 1,
      },
      Object {
        "letter": " ",
        "letterPoints": 1,
        "startTile": false,
        "wordPoints": 1,
      },
      Object {
        "letter": " ",
        "letterPoints": 2,
        "startTile": false,
        "wordPoints": 1,
      },
      Object {
        "letter": " ",
        "letterPoints": 1,
        "startTile": false,
        "wordPoints": 1,
      },
      Object {
        "letter": " ",
        "letterPoints": 1,
        "startTile": false,
        "wordPoints": 1,
      },
    ],
    Array [
      Object {
        "letter": " ",
        "letterPoints": 1,
        "startTile": false,
        "wordPoints": 3,
      },
      Object {
        "letter": " ",
        "letterPoints": 1,
        "startTile": false,
        "wordPoints": 1,
      },
      Object {
        "letter": " ",
        "letterPoints": 1,
        "startTile": false,
        "wordPoints": 1,
      },
      Object {
        "letter": " ",
        "letterPoints": 2,
        "startTile": false,
        "wordPoints": 1,
      },
      Object {
        "letter": " ",
        "letterPoints": 1,
        "startTile": false,
        "wordPoints": 1,
      },
      Object {
        "letter": " ",
        "letterPoints": 1,
        "startTile": false,
        "wordPoints": 1,
      },
      Object {
        "letter": " ",
        "letterPoints": 1,
        "startTile": false,
        "wordPoints": 1,
      },
      Object {
        "letter": " ",
        "letterPoints": 1,
        "startTile": true,
        "wordPoints": 1,
      },
      Object {
        "letter": " ",
        "letterPoints": 1,
        "startTile": false,
        "wordPoints": 1,
      },
      Object {
        "letter": " ",
        "letterPoints": 1,
        "startTile": false,
        "wordPoints": 1,
      },
      Object {
        "letter": " ",
        "letterPoints": 1,
        "startTile": false,
        "wordPoints": 1,
      },
      Object {
        "letter": " ",
        "letterPoints": 2,
        "startTile": false,
        "wordPoints": 1,
      },
      Object {
        "letter": " ",
        "letterPoints": 1,
        "startTile": false,
        "wordPoints": 1,
      },
      Object {
        "letter": " ",
        "letterPoints": 1,
        "startTile": false,
        "wordPoints": 1,
      },
      Object {
        "letter": " ",
        "letterPoints": 1,
        "startTile": false,
        "wordPoints": 3,
      },
    ],
    Array [
      Object {
        "letter": " ",
        "letterPoints": 1,
        "startTile": false,
        "wordPoints": 1,
      },
      Object {
        "letter": " ",
        "letterPoints": 1,
        "startTile": false,
        "wordPoints": 1,
      },
      Object {
        "letter": " ",
        "letterPoints": 2,
        "startTile": false,
        "wordPoints": 1,
      },
      Object {
        "letter": " ",
        "letterPoints": 1,
        "startTile": false,
        "wordPoints": 1,
      },
      Object {
        "letter": " ",
        "letterPoints": 1,
        "startTile": false,
        "wordPoints": 1,
      },
      Object {
        "letter": " ",
        "letterPoints": 1,
        "startTile": false,
        "wordPoints": 1,
      },
      Object {
        "letter": " ",
        "letterPoints": 2,
        "startTile": false,
        "wordPoints": 1,
      },
      Object {
        "letter": " ",
        "letterPoints": 1,
        "startTile": false,
        "wordPoints": 1,
      },
      Object {
        "letter": " ",
        "letterPoints": 2,
        "startTile": false,
        "wordPoints": 1,
      },
      Object {
        "letter": " ",
        "letterPoints": 1,
        "startTile": false,
        "wordPoints": 1,
      },
      Object {
        "letter": " ",
        "letterPoints": 1,
        "startTile": false,
        "wordPoints": 1,
      },
      Object {
        "letter": " ",
        "letterPoints": 1,
        "startTile": false,
        "wordPoints": 1,
      },
      Object {
        "letter": " ",
        "letterPoints": 2,
        "startTile": false,
        "wordPoints": 1,
      },
      Object {
        "letter": " ",
        "letterPoints": 1,
        "startTile": false,
        "wordPoints": 1,
      },
      Object {
        "letter": " ",
        "letterPoints": 1,
        "startTile": false,
        "wordPoints": 1,
      },
    ],
    Array [
      Object {
        "letter": " ",
        "letterPoints": 1,
        "startTile": false,
        "wordPoints": 1,
      },
      Object {
        "letter": " ",
        "letterPoints": 3,
        "startTile": false,
        "wordPoints": 1,
      },
      Object {
        "letter": " ",
        "letterPoints": 1,
        "startTile": false,
        "wordPoints": 1,
      },
      Object {
        "letter": " ",
        "letterPoints": 1,
        "startTile": false,
        "wordPoints": 1,
      },
      Object {
        "letter": " ",
        "letterPoints": 1,
        "startTile": false,
        "wordPoints": 1,
      },
      Object {
        "letter": " ",
        "letterPoints": 3,
        "startTile": false,
        "wordPoints": 1,
      },
      Object {
        "letter": " ",
        "letterPoints": 1,
        "startTile": false,
        "wordPoints": 1,
      },
      Object {
        "letter": " ",
        "letterPoints": 1,
        "startTile": false,
        "wordPoints": 1,
      },
      Object {
        "letter": " ",
        "letterPoints": 1,
        "startTile": false,
        "wordPoints": 1,
      },
      Object {
        "letter": " ",
        "letterPoints": 3,
        "startTile": false,
        "wordPoints": 1,
      },
      Object {
        "letter": " ",
        "letterPoints": 1,
        "startTile": false,
        "wordPoints": 1,
      },
      Object {
        "letter": " ",
        "letterPoints": 1,
        "startTile": false,
        "wordPoints": 1,
      },
      Object {
        "letter": " ",
        "letterPoints": 1,
        "startTile": false,
        "wordPoints": 1,
      },
      Object {
        "letter": " ",
        "letterPoints": 3,
        "startTile": false,
        "wordPoints": 1,
      },
      Object {
        "letter": " ",
        "letterPoints": 1,
        "startTile": false,
        "wordPoints": 1,
      },
    ],
    Array [
      Object {
        "letter": " ",
        "letterPoints": 1,
        "startTile": false,
        "wordPoints": 1,
      },
      Object {
        "letter": " ",
        "letterPoints": 1,
        "startTile": false,
        "wordPoints": 1,
      },
      Object {
        "letter": " ",
        "letterPoints": 1,
        "startTile": false,
        "wordPoints": 1,
      },
      Object {
        "letter": " ",
        "letterPoints": 1,
        "startTile": false,
        "wordPoints": 1,
      },
      Object {
        "letter": " ",
        "letterPoints": 1,
        "startTile": false,
        "wordPoints": 2,
      },
      Object {
        "letter": " ",
        "letterPoints": 1,
        "startTile": false,
        "wordPoints": 1,
      },
      Object {
        "letter": " ",
        "letterPoints": 1,
        "startTile": false,
        "wordPoints": 1,
      },
      Object {
        "letter": " ",
        "letterPoints": 1,
        "startTile": false,
        "wordPoints": 1,
      },
      Object {
        "letter": " ",
        "letterPoints": 1,
        "startTile": false,
        "wordPoints": 1,
      },
      Object {
        "letter": " ",
        "letterPoints": 1,
        "startTile": false,
        "wordPoints": 1,
      },
      Object {
        "letter": " ",
        "letterPoints": 1,
        "startTile": false,
        "wordPoints": 2,
      },
      Object {
        "letter": " ",
        "letterPoints": 1,
        "startTile": false,
        "wordPoints": 1,
      },
      Object {
        "letter": " ",
        "letterPoints": 1,
        "startTile": false,
        "wordPoints": 1,
      },
      Object {
        "letter": " ",
        "letterPoints": 1,
        "startTile": false,
        "wordPoints": 1,
      },
      Object {
        "letter": " ",
        "letterPoints": 1,
        "startTile": false,
        "wordPoints": 1,
      },
    ],
    Array [
      Object {
        "letter": " ",
        "letterPoints": 2,
        "startTile": false,
        "wordPoints": 1,
      },
      Object {
        "letter": " ",
        "letterPoints": 1,
        "startTile": false,
        "wordPoints": 1,
      },
      Object {
        "letter": " ",
        "letterPoints": 1,
        "startTile": false,
        "wordPoints": 1,
      },
      Object {
        "letter": " ",
        "letterPoints": 1,
        "startTile": false,
        "wordPoints": 2,
      },
      Object {
        "letter": " ",
        "letterPoints": 1,
        "startTile": false,
        "wordPoints": 1,
      },
      Object {
        "letter": " ",
        "letterPoints": 1,
        "startTile": false,
        "wordPoints": 1,
      },
      Object {
        "letter": " ",
        "letterPoints": 1,
        "startTile": false,
        "wordPoints": 1,
      },
      Object {
        "letter": " ",
        "letterPoints": 2,
        "startTile": false,
        "wordPoints": 1,
      },
      Object {
        "letter": " ",
        "letterPoints": 1,
        "startTile": false,
        "wordPoints": 1,
      },
      Object {
        "letter": " ",
        "letterPoints": 1,
        "startTile": false,
        "wordPoints": 1,
      },
      Object {
        "letter": " ",
        "letterPoints": 1,
        "startTile": false,
        "wordPoints": 1,
      },
      Object {
        "letter": " ",
        "letterPoints": 1,
        "startTile": false,
        "wordPoints": 2,
      },
      Object {
        "letter": " ",
        "letterPoints": 1,
        "startTile": false,
        "wordPoints": 1,
      },
      Object {
        "letter": " ",
        "letterPoints": 1,
        "startTile": false,
        "wordPoints": 1,
      },
      Object {
        "letter": " ",
        "letterPoints": 2,
        "startTile": false,
        "wordPoints": 1,
      },
    ],
    Array [
      Object {
        "letter": " ",
        "letterPoints": 1,
        "startTile": false,
        "wordPoints": 1,
      },
      Object {
        "letter": " ",
        "letterPoints": 1,
        "startTile": false,
        "wordPoints": 1,
      },
      Object {
        "letter": " ",
        "letterPoints": 1,
        "startTile": false,
        "wordPoints": 2,
      },
      Object {
        "letter": " ",
        "letterPoints": 1,
        "startTile": false,
        "wordPoints": 1,
      },
      Object {
        "letter": " ",
        "letterPoints": 1,
        "startTile": false,
        "wordPoints": 1,
      },
      Object {
        "letter": " ",
        "letterPoints": 1,
        "startTile": false,
        "wordPoints": 1,
      },
      Object {
        "letter": " ",
        "letterPoints": 2,
        "startTile": false,
        "wordPoints": 1,
      },
      Object {
        "letter": " ",
        "letterPoints": 1,
        "startTile": false,
        "wordPoints": 1,
      },
      Object {
        "letter": " ",
        "letterPoints": 2,
        "startTile": false,
        "wordPoints": 1,
      },
      Object {
        "letter": " ",
        "letterPoints": 1,
        "startTile": false,
        "wordPoints": 1,
      },
      Object {
        "letter": " ",
        "letterPoints": 1,
        "startTile": false,
        "wordPoints": 1,
      },
      Object {
        "letter": " ",
        "letterPoints": 1,
        "startTile": false,
        "wordPoints": 1,
      },
      Object {
        "letter": " ",
        "letterPoints": 1,
        "startTile": false,
        "wordPoints": 2,
      },
      Object {
        "letter": " ",
        "letterPoints": 1,
        "startTile": false,
        "wordPoints": 1,
      },
      Object {
        "letter": " ",
        "letterPoints": 1,
        "startTile": false,
        "wordPoints": 1,
      },
    ],
    Array [
      Object {
        "letter": " ",
        "letterPoints": 1,
        "startTile": false,
        "wordPoints": 1,
      },
      Object {
        "letter": " ",
        "letterPoints": 1,
        "startTile": false,
        "wordPoints": 2,
      },
      Object {
        "letter": " ",
        "letterPoints": 1,
        "startTile": false,
        "wordPoints": 1,
      },
      Object {
        "letter": " ",
        "letterPoints": 1,
        "startTile": false,
        "wordPoints": 1,
      },
      Object {
        "letter": " ",
        "letterPoints": 1,
        "startTile": false,
        "wordPoints": 1,
      },
      Object {
        "letter": " ",
        "letterPoints": 3,
        "startTile": false,
        "wordPoints": 1,
      },
      Object {
        "letter": " ",
        "letterPoints": 1,
        "startTile": false,
        "wordPoints": 1,
      },
      Object {
        "letter": " ",
        "letterPoints": 1,
        "startTile": false,
        "wordPoints": 1,
      },
      Object {
        "letter": " ",
        "letterPoints": 1,
        "startTile": false,
        "wordPoints": 1,
      },
      Object {
        "letter": " ",
        "letterPoints": 3,
        "startTile": false,
        "wordPoints": 1,
      },
      Object {
        "letter": " ",
        "letterPoints": 1,
        "startTile": false,
        "wordPoints": 1,
      },
      Object {
        "letter": " ",
        "letterPoints": 1,
        "startTile": false,
        "wordPoints": 1,
      },
      Object {
        "letter": " ",
        "letterPoints": 1,
        "startTile": false,
        "wordPoints": 1,
      },
      Object {
        "letter": " ",
        "letterPoints": 1,
        "startTile": false,
        "wordPoints": 2,
      },
      Object {
        "letter": " ",
        "letterPoints": 1,
        "startTile": false,
        "wordPoints": 1,
      },
    ],
    Array [
      Object {
        "letter": " ",
        "letterPoints": 1,
        "startTile": false,
        "wordPoints": 3,
      },
      Object {
        "letter": " ",
        "letterPoints": 1,
        "startTile": false,
        "wordPoints": 1,
      },
      Object {
        "letter": " ",
        "letterPoints": 1,
        "startTile": false,
        "wordPoints": 1,
      },
      Object {
        "letter": " ",
        "letterPoints": 2,
        "startTile": false,
        "wordPoints": 1,
      },
      Object {
        "letter": " ",
        "letterPoints": 1,
        "startTile": false,
        "wordPoints": 1,
      },
      Object {
        "letter": " ",
        "letterPoints": 1,
        "startTile": false,
        "wordPoints": 1,
      },
      Object {
        "letter": " ",
        "letterPoints": 1,
        "startTile": false,
        "wordPoints": 1,
      },
      Object {
        "letter": " ",
        "letterPoints": 1,
        "startTile": false,
        "wordPoints": 3,
      },
      Object {
        "letter": " ",
        "letterPoints": 1,
        "startTile": false,
        "wordPoints": 1,
      },
      Object {
        "letter": " ",
        "letterPoints": 1,
        "startTile": false,
        "wordPoints": 1,
      },
      Object {
        "letter": " ",
        "letterPoints": 1,
        "startTile": false,
        "wordPoints": 1,
      },
      Object {
        "letter": " ",
        "letterPoints": 2,
        "startTile": false,
        "wordPoints": 1,
      },
      Object {
        "letter": " ",
        "letterPoints": 1,
        "startTile": false,
        "wordPoints": 1,
      },
      Object {
        "letter": " ",
        "letterPoints": 1,
        "startTile": false,
        "wordPoints": 1,
      },
      Object {
        "letter": " ",
        "letterPoints": 1,
        "startTile": false,
        "wordPoints": 3,
      },
    ],
  ],
}
`;
